[iborekyt.wixsite.com/mysite-1.html]
[backblue.gif]
[fade.gif]
[index.html]
[iborekyt.wixsite.com/sitemap.xml]
[iborekyt.wixsite.com/feed.xml]
[browser.sentry-cdn.com/4.6.2/bundle.min.js]
[static.parastorage.com/unpkg/core-js@2.6.9/client/shim.min.js]
[static.parastorage.com/polyfill/v3/polyfill.min901d.js]
[static.parastorage.com/services/wix-bolt/1.2886.0/bolt-main/app/bolt-custom-elements.min.js]
[static.parastorage.com/unpkg/requirejs-bolt@2.3.6/requirejs.min.js]
[static.parastorage.com/services/wix-bolt/1.2886.0/node_modules/wix-santa/static/css/viewer.min.css]
[static.parastorage.com/services/santa-resources/resources/viewer/user-site-fonts/v7/languages.css]
[static.parastorage.com/services/skins/2.1229.80/images/wysiwyg/core/themes/base/cursor_zoom_out.png]
[static.parastorage.com/services/skins/2.1229.80/images/wysiwyg/core/themes/base/cursor_zoom_in.png]
[static.wixstatic.com/media/fb9c80_8c212221c8314e98b6edc0c8740de8b0_mv2.png/v1/fill/w_58,h_58,al_c,usm_0.66_1.00_0.01,blur_3/BIR_Logo_BOT_4.png]
[static.wixstatic.com/media/0da768_0c5ce9e2ffa442bea0b79b690223a939_mv2.png]
[iborekyt.wixsite.com/mysite-1.html]
[iborekyt.wixsite.com/sitemap.html]
[iborekyt.wixsite.com/feed.html]
[static.parastorage.com/services/wix-bolt/1.2886.0/node_modules/wix-santa/static/css/viewer.min.css]
[static.parastorage.com/services/santa-resources/resources/viewer/user-site-fonts/v7/languages.css]
